---
source: tests/cli.rs
expression: tree
---
=== tk ===
tk 1.0.0
Minimal task tracker. Append-only JSON records in .tasks/ — no daemons, no
runtime.

Usage: tk [FLAGS] <SUBCOMMAND>

Commands:
  accept      Add or show acceptance criteria
  add         Create a task
  apply       Apply a batch of intents from stdin under one lock
  archive     Archive a done/closed task without deleting it
  block       Add a blocker dependency
  check       Check store integrity (non-zero exit on findings)
  checkpoint  Replace the current checkpoint (one summary, not the log)
              [aliases: ck]
  clean       Remove old completed tasks (archives by default)
  close       Close/cancel a task
  config      Show or set configuration
  defer       Defer a task
  done        Complete a task
  edit        Edit a task
  evidence    Add or show completion evidence
  init        Initialize .tasks/ in the current directory
  link        Add links to research, decisions, or source locations
  list        List tasks [aliases: ls]
  lock        Run a command while holding the store mutation lock
  log         Add a log entry to a task
  mv          Move a task to a different project
  open        Reset a task status to open
  path        Print the resolved task store location
  purge       Delete a task record [aliases: rm]
  ready       List active/open unblocked tasks [aliases: rdy]
  recover     Drop a record's torn last line (from an interrupted write)
  relate      Record a non-blocking relationship with another task
  show        Show task details
  start       Start working on a task (open → active) [aliases: active]
  unarchive   Return an archived task to active views
  unblock     Remove a blocker dependency
  unlink      Remove links from a task
  unrelate    Remove a non-blocking relationship
  help        Print this message or the help of the given subcommand(s)

Flags:
  -j, --json             Output as JSON
  -C, --dir <DIR>        Run in a different directory
      --tasks-dir <DIR>  Task store directory: exact path, must already exist
                         (no discovery)
  -h, --help             Print help
  -V, --version          Print version

=== tk init ===
Initialize .tasks/ in the current directory

Usage: tk init [-P --project <PROJECT>]

Flags:
  -P, --project <PROJECT>  Project name (default: directory name)
  -h, --help               Print help

Global flags:
  -j, --json               Output as JSON
  -C, --dir <DIR>          Run in a different directory
      --tasks-dir <DIR>    Task store directory: exact path, must already exist
                           (no discovery)

=== tk add ===
Create a task

Usage: tk add [FLAGS] <TITLE>…

Arguments:
  <TITLE>…  Task title

Flags:
  -p, --priority <PRIORITY>    Priority (0-4, p0-p4, or
                               none/urgent/high/medium/low)
  -P, --project <PROJECT>      Project (display grouping; identity is
                               unaffected)
  -d, --desc <DESC>            Description
  -l, --labels <LABELS>        Labels (comma-separated, repeatable)
  -A, --assignees <ASSIGNEES>  Assignees (comma-separated, repeatable)
      --parent <PARENT>        Parent task (alias, ID, or ID prefix)
      --estimate <ESTIMATE>    Estimate (user-defined units)
      --due <DUE>              Due date (YYYY-MM-DD or relative +Nh/+Nd/+Nw/+Nm)
  -h, --help                   Print help

Global flags:
  -j, --json                   Output as JSON
  -C, --dir <DIR>              Run in a different directory
      --tasks-dir <DIR>        Task store directory: exact path, must already
                               exist (no discovery)

=== tk list ===
List tasks

Usage: tk list [FLAGS] [SEARCH]…

Arguments:
  [SEARCH]…  Search title, description, alias, and ID

Flags:
  -a, --all                  Show all, including done and closed
      --archived             Show archived tasks only
  -s, --status <STATUS>      Filter by status (open/active/deferred/done/closed)
  -p, --priority <PRIORITY>  Filter by priority
  -P, --project <PROJECT>    Filter by project
  -l, --label <LABEL>        Filter by label
      --assignee <ASSIGNEE>  Filter by assignee
      --parent <PARENT>      Filter by parent task
      --roots                Top-level tasks only
      --overdue              Overdue tasks only
  -n, --limit <LIMIT>        Limit results
                             (default: 20)
  -h, --help                 Print help

Global flags:
  -j, --json                 Output as JSON
  -C, --dir <DIR>            Run in a different directory
      --tasks-dir <DIR>      Task store directory: exact path, must already
                             exist (no discovery)

=== tk ready ===
List active/open unblocked tasks

Usage: tk ready

Flags:
  -h, --help             Print help

Global flags:
  -j, --json             Output as JSON
  -C, --dir <DIR>        Run in a different directory
      --tasks-dir <DIR>  Task store directory: exact path, must already exist
                         (no discovery)

=== tk show ===
Show task details

Usage: tk show <ID>

Arguments:
  <ID>  Task alias, ID, or ID prefix

Flags:
  -h, --help             Print help

Global flags:
  -j, --json             Output as JSON
  -C, --dir <DIR>        Run in a different directory
      --tasks-dir <DIR>  Task store directory: exact path, must already exist
                         (no discovery)

=== tk start ===
Start working on a task (open → active)

Usage: tk start <ID>

Arguments:
  <ID>  Task alias, ID, or ID prefix

Flags:
  -h, --help             Print help

Global flags:
  -j, --json             Output as JSON
  -C, --dir <DIR>        Run in a different directory
      --tasks-dir <DIR>  Task store directory: exact path, must already exist
                         (no discovery)

=== tk open ===
Reset a task status to open

Usage: tk open <ID>

Arguments:
  <ID>  Task alias, ID, or ID prefix

Flags:
  -h, --help             Print help

Global flags:
  -j, --json             Output as JSON
  -C, --dir <DIR>        Run in a different directory
      --tasks-dir <DIR>  Task store directory: exact path, must already exist
                         (no discovery)

=== tk defer ===
Defer a task

Usage: tk defer <ID>

Arguments:
  <ID>  Task alias, ID, or ID prefix

Flags:
  -h, --help             Print help

Global flags:
  -j, --json             Output as JSON
  -C, --dir <DIR>        Run in a different directory
      --tasks-dir <DIR>  Task store directory: exact path, must already exist
                         (no discovery)

=== tk done ===
Complete a task

Usage: tk done <ID>

Arguments:
  <ID>  Task alias, ID, or ID prefix

Flags:
  -h, --help             Print help

Global flags:
  -j, --json             Output as JSON
  -C, --dir <DIR>        Run in a different directory
      --tasks-dir <DIR>  Task store directory: exact path, must already exist
                         (no discovery)

=== tk close ===
Close/cancel a task

Usage: tk close <ID>

Arguments:
  <ID>  Task alias, ID, or ID prefix

Flags:
  -h, --help             Print help

Global flags:
  -j, --json             Output as JSON
  -C, --dir <DIR>        Run in a different directory
      --tasks-dir <DIR>  Task store directory: exact path, must already exist
                         (no discovery)

=== tk edit ===
Edit a task

Usage: tk edit [FLAGS] <ID>

Arguments:
  <ID>  Task alias, ID, or ID prefix

Flags:
  -t, --title <TITLE>             New title
  -p, --priority <PRIORITY>       New priority
  -l, --labels <LABELS>           Labels: `+add` a value, or bare values to
                                  replace the set

                                  A leading `-` is read as a flag by the shell
                                  and this parser alike, so removal is
                                  `--remove-label`; `-l +x` and `--labels=-x`
                                  both work.
      --remove-label <REMOVE_LABEL>  Labels to remove (comma-separated)
  -A, --assignees <ASSIGNEES>     Assignees: `+add` a value, or bare values to
                                  replace the set
      --remove-assignee <REMOVE_ASSIGNEE>  Assignees to remove (comma-separated)
      --due <DUE>                 Due date (YYYY-MM-DD, relative, or - to clear)
      --parent <PARENT>           Parent task (or - to clear)
  -d, --desc <DESC>               Description (or - to clear)
      --estimate <ESTIMATE>       Estimate (or 0 to clear)
      --if-rev <REV>              Reject the edit unless the task still has this
                                  revision (`show --json`)
  -h, --help                      Print help

Global flags:
  -j, --json                      Output as JSON
  -C, --dir <DIR>                 Run in a different directory
      --tasks-dir <DIR>           Task store directory: exact path, must already
                                  exist (no discovery)

=== tk checkpoint ===
Replace the current checkpoint (one summary, not the log)

Usage: tk checkpoint [--clear] [--if-rev <REV>] <ID> [TEXT]…

Arguments:
  <ID>     Task alias, ID, or ID prefix
  [TEXT]…  Checkpoint text: current result, blocker, next action, verification

Flags:
      --clear            Clear the checkpoint
      --if-rev <REV>     Reject the update unless the task still has this
                         revision
  -h, --help             Print help

Global flags:
  -j, --json             Output as JSON
  -C, --dir <DIR>        Run in a different directory
      --tasks-dir <DIR>  Task store directory: exact path, must already exist
                         (no discovery)

=== tk link ===
Add links to relevant research, decisions, or source locations

A link is a document reference. Use `tk relate` for another task.

Usage: tk link <ID> [REFS]…

Arguments:
  <ID>     Task alias, ID, or ID prefix
  [REFS]…  References to add (paths, URLs); with none, list them

Flags:
  -h, --help             Print help

Global flags:
  -j, --json             Output as JSON
  -C, --dir <DIR>        Run in a different directory
      --tasks-dir <DIR>  Task store directory: exact path, must already exist
                         (no discovery)

=== tk unlink ===
Remove links from a task

Usage: tk unlink <ID> [REFS]…

Arguments:
  <ID>     Task alias, ID, or ID prefix
  [REFS]…  References to remove

Flags:
  -h, --help             Print help

Global flags:
  -j, --json             Output as JSON
  -C, --dir <DIR>        Run in a different directory
      --tasks-dir <DIR>  Task store directory: exact path, must already exist
                         (no discovery)

=== tk accept ===
Add or show acceptance criteria

Usage: tk accept [--remove <TEXT>] [--clear] <ID> [VALUES]…

Arguments:
  <ID>       Task alias, ID, or ID prefix
  [VALUES]…  Values to add; with none and no flags, list them

Flags:
      --remove <TEXT>    Remove an exact value (repeatable)
      --clear            Remove all values
  -h, --help             Print help

Global flags:
  -j, --json             Output as JSON
  -C, --dir <DIR>        Run in a different directory
      --tasks-dir <DIR>  Task store directory: exact path, must already exist
                         (no discovery)

=== tk evidence ===
Add or show completion evidence

Usage: tk evidence [--remove <TEXT>] [--clear] <ID> [VALUES]…

Arguments:
  <ID>       Task alias, ID, or ID prefix
  [VALUES]…  Values to add; with none and no flags, list them

Flags:
      --remove <TEXT>    Remove an exact value (repeatable)
      --clear            Remove all values
  -h, --help             Print help

Global flags:
  -j, --json             Output as JSON
  -C, --dir <DIR>        Run in a different directory
      --tasks-dir <DIR>  Task store directory: exact path, must already exist
                         (no discovery)

=== tk archive ===
Archive a done/closed task without deleting it

Usage: tk archive [--if-rev <REV>] <ID>

Arguments:
  <ID>  Task alias, ID, or ID prefix

Flags:
      --if-rev <REV>     Reject the change unless the task still has this
                         revision
  -h, --help             Print help

Global flags:
  -j, --json             Output as JSON
  -C, --dir <DIR>        Run in a different directory
      --tasks-dir <DIR>  Task store directory: exact path, must already exist
                         (no discovery)

=== tk unarchive ===
Return an archived task to active views

Usage: tk unarchive <ID>

Arguments:
  <ID>  Task alias, ID, or ID prefix

Flags:
  -h, --help             Print help

Global flags:
  -j, --json             Output as JSON
  -C, --dir <DIR>        Run in a different directory
      --tasks-dir <DIR>  Task store directory: exact path, must already exist
                         (no discovery)

=== tk log ===
Add a log entry to a task

Usage: tk log <ID> [MSG]…

Arguments:
  <ID>    Task alias, ID, or ID prefix
  [MSG]…  Log message

Flags:
  -h, --help             Print help

Global flags:
  -j, --json             Output as JSON
  -C, --dir <DIR>        Run in a different directory
      --tasks-dir <DIR>  Task store directory: exact path, must already exist
                         (no discovery)

=== tk block ===
Add a blocker dependency

Usage: tk block <ID> <BLOCKER>

Arguments:
  <ID>       Task to block (alias, ID, or ID prefix)
  <BLOCKER>  Blocking task (alias, ID, or ID prefix)

Flags:
  -h, --help             Print help

Global flags:
  -j, --json             Output as JSON
  -C, --dir <DIR>        Run in a different directory
      --tasks-dir <DIR>  Task store directory: exact path, must already exist
                         (no discovery)

=== tk unblock ===
Remove a blocker dependency

Usage: tk unblock <ID> <BLOCKER>

Arguments:
  <ID>       Task alias, ID, or ID prefix
  <BLOCKER>  Blocking task to remove

Flags:
  -h, --help             Print help

Global flags:
  -j, --json             Output as JSON
  -C, --dir <DIR>        Run in a different directory
      --tasks-dir <DIR>  Task store directory: exact path, must already exist
                         (no discovery)

=== tk relate ===
Record a non-blocking relationship with another task

`relate` is a "see also", not a constraint: it never blocks work and is never
cycle-checked. Documents belong in `tk link`; this is for tasks.

Usage: tk relate <ID> <OTHER>

Arguments:
  <ID>     Task alias, ID, or ID prefix
  <OTHER>  Task to relate to

Flags:
  -h, --help             Print help

Global flags:
  -j, --json             Output as JSON
  -C, --dir <DIR>        Run in a different directory
      --tasks-dir <DIR>  Task store directory: exact path, must already exist
                         (no discovery)

=== tk unrelate ===
Remove a non-blocking relationship

Usage: tk unrelate <ID> <OTHER>

Arguments:
  <ID>     Task alias, ID, or ID prefix
  <OTHER>  Task to unrelate

Flags:
  -h, --help             Print help

Global flags:
  -j, --json             Output as JSON
  -C, --dir <DIR>        Run in a different directory
      --tasks-dir <DIR>  Task store directory: exact path, must already exist
                         (no discovery)

=== tk purge ===
Delete a task record

Refuses while other tasks still reference it: those references would become
dangling, and a broken graph is worse than a stale record.

Usage: tk purge [FLAGS] <ID>

Arguments:
  <ID>  Task alias, ID, or ID prefix

Flags:
  -f, --force            Skip confirmation
      --scrub            Delete anyway, removing the references that point at it
      --if-rev <REV>     Reject the delete unless the task still has this
                         revision
  -h, --help             Print help

Global flags:
  -j, --json             Output as JSON
  -C, --dir <DIR>        Run in a different directory
      --tasks-dir <DIR>  Task store directory: exact path, must already exist
                         (no discovery)

=== tk recover ===
Drop a record's torn last line, left behind by an interrupted write

Only the incomplete final line is removed: it was never a complete event, so
nothing that was appended is lost.

Usage: tk recover [--dry-run] [ID]

Arguments:
  [ID]  Task alias, ID, or ID prefix (default: every record)

Flags:
      --dry-run          Report what would be dropped without changing anything
  -h, --help             Print help

Global flags:
  -j, --json             Output as JSON
  -C, --dir <DIR>        Run in a different directory
      --tasks-dir <DIR>  Task store directory: exact path, must already exist
                         (no discovery)

=== tk mv ===
Move a task to a different project

Identity is unaffected: a move changes one display field, and no reference
anywhere needs rewriting.

Usage: tk mv <SOURCE> <PROJECT>

Arguments:
  <SOURCE>   Task alias, ID, or ID prefix
  <PROJECT>  Target project name

Flags:
  -h, --help             Print help

Global flags:
  -j, --json             Output as JSON
  -C, --dir <DIR>        Run in a different directory
      --tasks-dir <DIR>  Task store directory: exact path, must already exist
                         (no discovery)

=== tk apply ===
Apply a batch of intents from stdin under one lock

Every intent is resolved and validated before anything is written, so a batch
that is wrong is rejected whole. Intents run in order; see `tk apply --help` in
the README for the accepted `op` values.

Usage: tk apply [--dry-run]

Flags:
      --dry-run          Validate the batch and report what would change,
                         without writing
  -h, --help             Print help

Global flags:
  -j, --json             Output as JSON
  -C, --dir <DIR>        Run in a different directory
      --tasks-dir <DIR>  Task store directory: exact path, must already exist
                         (no discovery)

=== tk clean ===
Remove old completed tasks (archives by default)

Usage: tk clean [FLAGS]

Flags:
      --older-than <OLDER_THAN>  Remove tasks completed more than N days ago
      --force                    Force clean even if disabled in config
      --purge                    Delete the records instead of archiving them
                                 (scrubs references)
  -h, --help                     Print help

Global flags:
  -j, --json                     Output as JSON
  -C, --dir <DIR>                Run in a different directory
      --tasks-dir <DIR>          Task store directory: exact path, must already
                                 exist (no discovery)

=== tk check ===
Check store integrity

Exits non-zero when anything is reported, so scripts and agents cannot mistake
findings for success.

Usage: tk check

Flags:
  -h, --help             Print help

Global flags:
  -j, --json             Output as JSON
  -C, --dir <DIR>        Run in a different directory
      --tasks-dir <DIR>  Task store directory: exact path, must already exist
                         (no discovery)

=== tk path ===
Print the resolved task store location

Usage: tk path

Flags:
  -h, --help             Print help

Global flags:
  -j, --json             Output as JSON
  -C, --dir <DIR>        Run in a different directory
      --tasks-dir <DIR>  Task store directory: exact path, must already exist
                         (no discovery)

=== tk lock ===
Run a command while holding the store mutation lock

The lock serializes cooperating tk writers (and, when used for sync, the
checkout itself). The command must not run tk against the same store: the lock
is advisory and not reentrant.

Usage: tk lock [--scan <DIR>] [-- COMMAND]…

Arguments:
  [-- COMMAND]…  Command to run while holding the lock, after --

Flags:
      --scan <DIR>       Directory tree to scan for task stores to lock
                         (repeatable)
  -h, --help             Print help

Global flags:
  -j, --json             Output as JSON
  -C, --dir <DIR>        Run in a different directory
      --tasks-dir <DIR>  Task store directory: exact path, must already exist
                         (no discovery)

=== tk config ===
Show or set configuration

Usage: tk config <SUBCOMMAND>

Commands:
  alias        Manage directory aliases for -C
  clean-after  Configure auto-cleanup
  defaults     Show or set default values
  project      Get or set the default project
  show         Show configuration
  help         Print this message or the help of the given subcommand(s)

Flags:
  -h, --help             Print help

Global flags:
  -j, --json             Output as JSON
  -C, --dir <DIR>        Run in a different directory
      --tasks-dir <DIR>  Task store directory: exact path, must already exist
                         (no discovery)

=== tk config show ===
Show configuration

Usage: tk config show

Flags:
  -h, --help             Print help

Global flags:
  -j, --json             Output as JSON
  -C, --dir <DIR>        Run in a different directory
      --tasks-dir <DIR>  Task store directory: exact path, must already exist
                         (no discovery)

=== tk config project ===
Get or set the default project

Usage: tk config project <SUBCOMMAND>

Commands:
  rename  Rename project and all its tasks
  set     Set default project
  show    Show default project
  help    Print this message or the help of the given subcommand(s)

Flags:
  -h, --help             Print help

Global flags:
  -j, --json             Output as JSON
  -C, --dir <DIR>        Run in a different directory
      --tasks-dir <DIR>  Task store directory: exact path, must already exist
                         (no discovery)

=== tk config project show ===
Show default project

Usage: tk config project show

Flags:
  -h, --help             Print help

Global flags:
  -j, --json             Output as JSON
  -C, --dir <DIR>        Run in a different directory
      --tasks-dir <DIR>  Task store directory: exact path, must already exist
                         (no discovery)

=== tk config project set ===
Set default project

Usage: tk config project set <NAME>

Arguments:
  <NAME>  Project name to set

Flags:
  -h, --help             Print help

Global flags:
  -j, --json             Output as JSON
  -C, --dir <DIR>        Run in a different directory
      --tasks-dir <DIR>  Task store directory: exact path, must already exist
                         (no discovery)

=== tk config project rename ===
Rename project and all its tasks

Usage: tk config project rename <OLD> <NEW>

Arguments:
  <OLD>  Old project name
  <NEW>  New project name

Flags:
  -h, --help             Print help

Global flags:
  -j, --json             Output as JSON
  -C, --dir <DIR>        Run in a different directory
      --tasks-dir <DIR>  Task store directory: exact path, must already exist
                         (no discovery)

=== tk config alias ===
Manage directory aliases for -C

Usage: tk config alias [-r --rm] [NAME] [PATH]

Arguments:
  [NAME]  Alias name
  [PATH]  Directory path

Flags:
  -r, --rm               Remove the alias
  -h, --help             Print help

Global flags:
  -j, --json             Output as JSON
  -C, --dir <DIR>        Run in a different directory
      --tasks-dir <DIR>  Task store directory: exact path, must already exist
                         (no discovery)

=== tk config defaults ===
Show or set default values

Usage: tk config defaults <SUBCOMMAND>

Commands:
  assignees  Set default assignees
  labels     Set default labels
  priority   Set default priority
  show       Show default values
  help       Print this message or the help of the given subcommand(s)

Flags:
  -h, --help             Print help

Global flags:
  -j, --json             Output as JSON
  -C, --dir <DIR>        Run in a different directory
      --tasks-dir <DIR>  Task store directory: exact path, must already exist
                         (no discovery)

=== tk config defaults show ===
Show default values

Usage: tk config defaults show

Flags:
  -h, --help             Print help

Global flags:
  -j, --json             Output as JSON
  -C, --dir <DIR>        Run in a different directory
      --tasks-dir <DIR>  Task store directory: exact path, must already exist
                         (no discovery)

=== tk config defaults priority ===
Set default priority

Usage: tk config defaults priority <LEVEL>

Arguments:
  <LEVEL>  Default priority level (0-4)

Flags:
  -h, --help             Print help

Global flags:
  -j, --json             Output as JSON
  -C, --dir <DIR>        Run in a different directory
      --tasks-dir <DIR>  Task store directory: exact path, must already exist
                         (no discovery)

=== tk config defaults labels ===
Set default labels

Usage: tk config defaults labels [LABELS]…

Arguments:
  [LABELS]…  Default labels (comma-separated)

Flags:
  -h, --help             Print help

Global flags:
  -j, --json             Output as JSON
  -C, --dir <DIR>        Run in a different directory
      --tasks-dir <DIR>  Task store directory: exact path, must already exist
                         (no discovery)

=== tk config defaults assignees ===
Set default assignees

Usage: tk config defaults assignees [ASSIGNEES]…

Arguments:
  [ASSIGNEES]…  Default assignees (comma-separated)

Flags:
  -h, --help             Print help

Global flags:
  -j, --json             Output as JSON
  -C, --dir <DIR>        Run in a different directory
      --tasks-dir <DIR>  Task store directory: exact path, must already exist
                         (no discovery)

=== tk config clean-after ===
Configure auto-cleanup

Usage: tk config clean-after <SUBCOMMAND>

Commands:
  days     Set clean-after days
  disable  Disable auto-clean
  enable   Enable auto-clean
  show     Show clean-after config
  help     Print this message or the help of the given subcommand(s)

Flags:
  -h, --help             Print help

Global flags:
  -j, --json             Output as JSON
  -C, --dir <DIR>        Run in a different directory
      --tasks-dir <DIR>  Task store directory: exact path, must already exist
                         (no discovery)

=== tk config clean-after show ===
Show clean-after config

Usage: tk config clean-after show

Flags:
  -h, --help             Print help

Global flags:
  -j, --json             Output as JSON
  -C, --dir <DIR>        Run in a different directory
      --tasks-dir <DIR>  Task store directory: exact path, must already exist
                         (no discovery)

=== tk config clean-after enable ===
Enable auto-clean

Usage: tk config clean-after enable

Flags:
  -h, --help             Print help

Global flags:
  -j, --json             Output as JSON
  -C, --dir <DIR>        Run in a different directory
      --tasks-dir <DIR>  Task store directory: exact path, must already exist
                         (no discovery)

=== tk config clean-after disable ===
Disable auto-clean

Usage: tk config clean-after disable

Flags:
  -h, --help             Print help

Global flags:
  -j, --json             Output as JSON
  -C, --dir <DIR>        Run in a different directory
      --tasks-dir <DIR>  Task store directory: exact path, must already exist
                         (no discovery)

=== tk config clean-after days ===
Set clean-after days

Usage: tk config clean-after days <DAYS>

Arguments:
  <DAYS>  Days after which to clean completed tasks

Flags:
  -h, --help             Print help

Global flags:
  -j, --json             Output as JSON
  -C, --dir <DIR>        Run in a different directory
      --tasks-dir <DIR>  Task store directory: exact path, must already exist
                         (no discovery)
